// Vitest Snapshot v1, https://vitest.dev/guide/snapshot.html

exports[`TableCell Component > should render correctly 1`] = `
"<div class=\\"index-cell\\">
  <router-link to=\\"mockpath\\">
    <div>
      <div class=\\"index-image-wrapper\\"><img class=\\"image-fluid\\" src=\\"mockimage\\" alt=\\"mock-title\\"></div>
      <div class=\\"index-movie-title-wrapper\\">mock-title</div>
    </div>
  </router-link>
</div>"
`;
